[2026-04-28 10:25:34] [System] [SERVER ONLINE]
[2026-04-28 10:26:03] [System] [SERVER OFFLINE]
[2026-04-28 10:30:28] [System] [SERVER ONLINE]
[2026-04-28 10:31:40] [System] [User 'alice' connected]
[2026-04-28 10:33:03] [System] [User 'lain' connected]
[2026-04-28 10:35:05] [User] [[alice]: hello lain]
[2026-04-28 10:35:20] [User] [[lain]: hello allice]
[2026-04-28 10:37:17] [System] [User 'The Knights' connected]
[2026-04-28 10:37:29] [Admin] [RPC_GET_USERS]
[2026-04-28 10:37:32] [Admin] [RPC_GET_UPTIME]
[2026-04-28 10:37:34] [Admin] [RPC_SHUTDOWN]
[2026-04-28 10:37:34] [System] [EMERGENCY SHUTDOWN INITIATED]
[2026-04-28 10:39:37] [System] [SERVER ONLINE]
[2026-04-28 10:39:52] [System] [User 'alice' connected]
[2026-04-28 10:40:02] [System] [User 'lain' connected]
[2026-04-28 10:40:34] [User] [[alice]: hello lain]
[2026-04-28 10:40:45] [User] [[lain]: helloo alice]
[2026-04-28 10:42:37] [System] [User 'The Knights' connected]
[2026-04-28 10:42:43] [Admin] [RPC_GET_USERS]
[2026-04-28 10:42:45] [Admin] [RPC_GET_UPTIME]
[2026-04-28 10:42:49] [System] [User 'The Knights' disconnected]
[2026-04-28 10:55:58] [System] [User 'The knights' connected]
[2026-04-28 10:56:16] [System] [User 'The knights' disconnected]
[2026-04-28 10:56:48] [System] [User ' The Knights' connected]
[2026-04-28 10:56:54] [System] [User ' The Knights' disconnected]
[2026-04-28 10:57:12] [System] [User 'The Knights' connected]
[2026-04-28 10:57:15] [Admin] [RPC_GET_USERS]
[2026-04-28 10:57:16] [Admin] [RPC_GET_UPTIME]
[2026-04-28 10:57:18] [Admin] [RPC_SHUTDOWN]
[2026-04-28 10:57:18] [System] [EMERGENCY SHUTDOWN INITIATED]
[2026-04-28 11:01:35] [System] [SERVER ONLINE]
[2026-04-28 11:01:44] [System] [User 'alice' connected]
[2026-04-28 11:01:58] [System] [User 'lain' connected]
[2026-04-28 11:02:11] [System] [User 'lain' disconnected]
[2026-04-28 11:02:24] [User] [[alice]: exit]
[2026-04-28 11:02:44] [System] [User 'bila' connected]
[2026-04-28 11:02:50] [User] [[bila]: exit]
[2026-04-28 11:03:05] [User] [[alice]: hello bila]
[2026-04-28 11:03:23] [User] [[bila]: halo juga alice]
[2026-04-28 11:04:19] [System] [User 'The Knights' connected]
[2026-04-28 11:04:21] [Admin] [RPC_GET_USERS]
[2026-04-28 11:04:29] [Admin] [RPC_GET_UPTIME]
[2026-04-28 11:04:35] [System] [User 'The Knights' disconnected]
[2026-04-28 11:05:04] [System] [User 'The Knights' connected]
[2026-04-28 11:05:31] [Admin] [RPC_GET_USERS]
[2026-04-28 11:05:32] [Admin] [RPC_GET_UPTIME]
[2026-04-28 11:05:43] [System] [User 'The Knights' disconnected]
[2026-04-28 11:06:12] [System] [User 'bila' disconnected]
[2026-04-28 11:06:26] [System] [User 'The Knights' connected]
[2026-04-28 11:06:30] [System] [User 'The Knights' disconnected]
[2026-04-28 11:07:06] [System] [User 'The Knights' connected]
[2026-04-28 11:07:09] [Admin] [RPC_SHUTDOWN]
[2026-04-28 11:07:09] [System] [EMERGENCY SHUTDOWN INITIATED]
[2026-04-28 11:08:01] [System] [SERVER ONLINE]
[2026-04-28 11:08:23] [System] [User 'alice' connected]
[2026-04-28 11:08:33] [System] [User 'lain' connected]
[2026-04-28 11:10:43] [System] [SERVER OFFLINE]
[2026-04-28 11:11:22] [System] [SERVER ONLINE]
[2026-04-28 11:12:08] [System] [User 'alice' connected]
[2026-04-28 11:13:22] [System] [User 'lain' connected]
[2026-04-28 11:13:36] [User] [[alice]: welcome lain]
[2026-04-28 11:13:43] [User] [[lain]: haii alice]
[2026-04-28 11:14:26] [System] [User 'The Knights' connected]
[2026-04-28 11:16:18] [Admin] [RPC_GET_USERS]
[2026-04-28 11:16:20] [Admin] [RPC_GET_UPTIME]
[2026-04-28 11:16:21] [System] [User 'The Knights' disconnected]
[2026-04-28 11:17:08] [System] [User 'The Knights' connected]
[2026-04-28 11:17:09] [Admin] [RPC_GET_USERS]
[2026-04-28 11:17:10] [Admin] [RPC_GET_UPTIME]
[2026-04-28 11:17:14] [Admin] [RPC_SHUTDOWN]
[2026-04-28 11:17:14] [System] [EMERGENCY SHUTDOWN INITIATED]
